[yashadmin.dexignzone.com/tailwind/demo/uc-select2.html]
[backblue.gif]
[fade.gif]
[index.html]
[yashadmin.dexignzone.com/tailwind/social-image.png]
[yashadmin.dexignzone.com/tailwind/demo/assets/images/favicon.png]
[yashadmin.dexignzone.com/tailwind/demo/assets/images/pre.gif]
[yashadmin.dexignzone.com/tailwind/demo/index.html]
[yashadmin.dexignzone.com/tailwind/demo/assets/images/avatar/1.jpg]
[yashadmin.dexignzone.com/tailwind/demo/assets/images/avatar/2.jpg]
[yashadmin.dexignzone.com/tailwind/demo/assets/images/avatar/3.jpg]
[yashadmin.dexignzone.com/tailwind/demo/assets/images/avatar/4.jpg]
[yashadmin.dexignzone.com/tailwind/demo/assets/images/avatar/5.jpg]
[yashadmin.dexignzone.com/tailwind/demo/assets/images/user.jpg]
[yashadmin.dexignzone.com/tailwind/demo/app-profile-1.html]
[yashadmin.dexignzone.com/tailwind/demo/my-project.html]
[yashadmin.dexignzone.com/tailwind/demo/chat.html]
[yashadmin.dexignzone.com/tailwind/demo/notifications.html]
[yashadmin.dexignzone.com/tailwind/demo/page-login.html]
[yashadmin.dexignzone.com/tailwind/demo/index-2.html]
[yashadmin.dexignzone.com/tailwind/demo/index-3.html]
[yashadmin.dexignzone.com/tailwind/demo/index-4.html]
[yashadmin.dexignzone.com/tailwind/demo/index-5.html]
[yashadmin.dexignzone.com/tailwind/demo/crm.html]
[yashadmin.dexignzone.com/tailwind/demo/analytics.html]
[yashadmin.dexignzone.com/tailwind/demo/products.html]
[yashadmin.dexignzone.com/tailwind/demo/sales.html]
[yashadmin.dexignzone.com/tailwind/demo/blog.html]
[yashadmin.dexignzone.com/tailwind/demo/task.html]
[yashadmin.dexignzone.com/tailwind/demo/project.html]
[yashadmin.dexignzone.com/tailwind/demo/user.html]
[yashadmin.dexignzone.com/tailwind/demo/add-user.html]
[yashadmin.dexignzone.com/tailwind/demo/app-profile-2.html]
[yashadmin.dexignzone.com/tailwind/demo/edit-profile.html]
[yashadmin.dexignzone.com/tailwind/demo/post-details.html]
[yashadmin.dexignzone.com/tailwind/demo/email-compose.html]
[yashadmin.dexignzone.com/tailwind/demo/email-inbox.html]
[yashadmin.dexignzone.com/tailwind/demo/email-read.html]
[yashadmin.dexignzone.com/tailwind/demo/app-calender.html]
[yashadmin.dexignzone.com/tailwind/demo/ecom-product-grid.html]
[yashadmin.dexignzone.com/tailwind/demo/ecom-product-list.html]
[yashadmin.dexignzone.com/tailwind/demo/ecom-product-detail.html]
[yashadmin.dexignzone.com/tailwind/demo/ecom-product-order.html]
[yashadmin.dexignzone.com/tailwind/demo/ecom-checkout.html]
[yashadmin.dexignzone.com/tailwind/demo/ecom-invoice.html]
[yashadmin.dexignzone.com/tailwind/demo/ecom-customers.html]
[yashadmin.dexignzone.com/tailwind/demo/content.html]
[yashadmin.dexignzone.com/tailwind/demo/content-add.html]
[yashadmin.dexignzone.com/tailwind/demo/menu.html]
[yashadmin.dexignzone.com/tailwind/demo/email-template.html]
[yashadmin.dexignzone.com/tailwind/demo/add-email.html]
[yashadmin.dexignzone.com/tailwind/demo/cms-blog.html]
[yashadmin.dexignzone.com/tailwind/demo/add-blog.html]
[yashadmin.dexignzone.com/tailwind/demo/blog-category.html]
[yashadmin.dexignzone.com/tailwind/demo/chart-flot.html]
[yashadmin.dexignzone.com/tailwind/demo/chart-morris.html]
[yashadmin.dexignzone.com/tailwind/demo/chart-chartjs.html]
[yashadmin.dexignzone.com/tailwind/demo/chart-chartist.html]
[yashadmin.dexignzone.com/tailwind/demo/chart-sparkline.html]
[yashadmin.dexignzone.com/tailwind/demo/chart-peity.html]
[yashadmin.dexignzone.com/tailwind/demo/ui-accordion.html]
[yashadmin.dexignzone.com/tailwind/demo/ui-alert.html]
[yashadmin.dexignzone.com/tailwind/demo/ui-badge.html]
[yashadmin.dexignzone.com/tailwind/demo/ui-button.html]
[yashadmin.dexignzone.com/tailwind/demo/ui-modal.html]
[yashadmin.dexignzone.com/tailwind/demo/ui-offcanvas.html]
[yashadmin.dexignzone.com/tailwind/demo/ui-button-group.html]
[yashadmin.dexignzone.com/tailwind/demo/ui-list-group.html]
[yashadmin.dexignzone.com/tailwind/demo/ui-card.html]
[yashadmin.dexignzone.com/tailwind/demo/ui-carousel.html]
[yashadmin.dexignzone.com/tailwind/demo/ui-dropdown.html]
[yashadmin.dexignzone.com/tailwind/demo/ui-popover.html]
[yashadmin.dexignzone.com/tailwind/demo/ui-progressbar.html]
[yashadmin.dexignzone.com/tailwind/demo/ui-tab.html]
[yashadmin.dexignzone.com/tailwind/demo/ui-typography.html]
[yashadmin.dexignzone.com/tailwind/demo/ui-pagination.html]
[yashadmin.dexignzone.com/tailwind/demo/ui-grid.html]
[yashadmin.dexignzone.com/tailwind/demo/uc-nestable.html]
[yashadmin.dexignzone.com/tailwind/demo/uc-noui-slider.html]
[yashadmin.dexignzone.com/tailwind/demo/uc-sweetalert.html]
[yashadmin.dexignzone.com/tailwind/demo/uc-toastr.html]
[yashadmin.dexignzone.com/tailwind/demo/map-jqvmap.html]
[yashadmin.dexignzone.com/tailwind/demo/uc-lightgallery.html]
[yashadmin.dexignzone.com/tailwind/demo/widget-basic.html]
[yashadmin.dexignzone.com/tailwind/demo/form-element.html]
[yashadmin.dexignzone.com/tailwind/demo/form-wizard.html]
[yashadmin.dexignzone.com/tailwind/demo/form-ckeditor.html]
[yashadmin.dexignzone.com/tailwind/demo/form-pickers.html]
[yashadmin.dexignzone.com/tailwind/demo/form-validation.html]
[yashadmin.dexignzone.com/tailwind/demo/table.html]
[yashadmin.dexignzone.com/tailwind/demo/table-datatable-basic.html]
[yashadmin.dexignzone.com/tailwind/demo/page-register.html]
[yashadmin.dexignzone.com/tailwind/demo/page-error-400.html]
[yashadmin.dexignzone.com/tailwind/demo/page-error-403.html]
[yashadmin.dexignzone.com/tailwind/demo/page-error-404.html]
[yashadmin.dexignzone.com/tailwind/demo/page-error-500.html]
[yashadmin.dexignzone.com/tailwind/demo/page-error-503.html]
[yashadmin.dexignzone.com/tailwind/demo/page-lock-screen.html]
[yashadmin.dexignzone.com/tailwind/demo/empty-page.html]
[yashadmin.dexignzone.com/tailwind/demo/uc-select2.html]
[yashadmin.dexignzone.com/tailwind/demo/assets/icons/fontawesome/webfonts/fa-brands-400.woff2]
[yashadmin.dexignzone.com/tailwind/demo/assets/icons/fontawesome/webfonts/fa-brands-400.ttf]
[yashadmin.dexignzone.com/tailwind/demo/assets/icons/fontawesome/webfonts/fa-regular-400.woff2]
[yashadmin.dexignzone.com/tailwind/demo/assets/icons/fontawesome/webfonts/fa-regular-400.ttf]
[yashadmin.dexignzone.com/tailwind/demo/assets/icons/fontawesome/webfonts/fa-solid-900.woff2]
[yashadmin.dexignzone.com/tailwind/demo/assets/icons/fontawesome/webfonts/fa-solid-900.ttf]
[yashadmin.dexignzone.com/tailwind/demo/assets/icons/fontawesome/webfonts/fa-v4compatibility.woff2]
[yashadmin.dexignzone.com/tailwind/demo/assets/icons/fontawesome/webfonts/fa-v4compatibility.ttf]
[yashadmin.dexignzone.com/tailwind/demo/assets/icons/fontawesome/css/all.min.css]
[yashadmin.dexignzone.com/tailwind/demo/assets/icons/line-awesome/fonts/la-brands-400.eot]
[yashadmin.dexignzone.com/tailwind/demo/assets/icons/line-awesome/fonts/la-brands-400d41d.eot]
[yashadmin.dexignzone.com/tailwind/demo/assets/icons/line-awesome/fonts/la-brands-400.woff2]
[yashadmin.dexignzone.com/tailwind/demo/assets/icons/line-awesome/fonts/la-brands-400.woff]
[yashadmin.dexignzone.com/tailwind/demo/assets/icons/line-awesome/fonts/la-brands-400.ttf]
[yashadmin.dexignzone.com/tailwind/demo/assets/icons/line-awesome/fonts/la-regular-400.eot]
[yashadmin.dexignzone.com/tailwind/demo/assets/icons/line-awesome/fonts/la-regular-400d41d.eot]
[yashadmin.dexignzone.com/tailwind/demo/assets/icons/line-awesome/fonts/la-regular-400.woff2]
[yashadmin.dexignzone.com/tailwind/demo/assets/icons/line-awesome/fonts/la-regular-400.woff]
[yashadmin.dexignzone.com/tailwind/demo/assets/icons/line-awesome/fonts/la-regular-400.ttf]
[yashadmin.dexignzone.com/tailwind/demo/assets/icons/line-awesome/fonts/la-solid-900.eot]
[yashadmin.dexignzone.com/tailwind/demo/assets/icons/line-awesome/fonts/la-solid-900d41d.eot]
[yashadmin.dexignzone.com/tailwind/demo/assets/icons/line-awesome/fonts/la-solid-900.woff2]
[yashadmin.dexignzone.com/tailwind/demo/assets/icons/line-awesome/fonts/la-solid-900.woff]
[yashadmin.dexignzone.com/tailwind/demo/assets/icons/line-awesome/fonts/la-solid-900.ttf]
[yashadmin.dexignzone.com/tailwind/demo/assets/icons/line-awesome/css/line-awesome.min.css]
[yashadmin.dexignzone.com/tailwind/demo/assets/vendor/select2/css/select2.min.css]
[yashadmin.dexignzone.com/tailwind/demo/assets/vendor/niceselect/css/nice-select.css]
[yashadmin.dexignzone.com/tailwind/demo/assets/images/pattern/pattern5.png]
[yashadmin.dexignzone.com/tailwind/demo/assets/images/like.png]
[yashadmin.dexignzone.com/tailwind/demo/assets/images/profile/12.jpg]
[yashadmin.dexignzone.com/tailwind/demo/assets/images/crm-profile.jpg]
[yashadmin.dexignzone.com/tailwind/demo/assets/css/style.css]
[yashadmin.dexignzone.com/tailwind/demo/assets/images/contacts/pic555.jpg]
[yashadmin.dexignzone.com/tailwind/demo/assets/images/contacts/pic666.jpg]
[yashadmin.dexignzone.com/tailwind/demo/assets/images/rainbow.gif]
[yashadmin.dexignzone.com/tailwind/demo/assets/images/contacts/pic777.jpg]
[yashadmin.dexignzone.com/tailwind/demo/assets/images/contacts/pic1.jpg]
[yashadmin.dexignzone.com/tailwind/demo/assets/images/contacts/pic2.jpg]
[yashadmin.dexignzone.com/tailwind/demo/assets/images/contacts/pic888.jpg]
[yashadmin.dexignzone.com/tailwind/demo/assets/images/contacts/pic999.jpg]
[yashadmin.dexignzone.com/tailwind/demo/assets/images/p1.gif]
[yashadmin.dexignzone.com/tailwind/demo/assets/images/p3.gif]
[yashadmin.dexignzone.com/tailwind/demo/assets/images/p.gif]
[yashadmin.dexignzone.com/tailwind/demo/assets/images/p2.gif]
[yashadmin.dexignzone.com/tailwind/demo/index.html]
[yashadmin.dexignzone.com/tailwind/demo/assets/images/profile/profile.png]
[yashadmin.dexignzone.com/tailwind/demo/assets/images/profile/1.jpg]
[yashadmin.dexignzone.com/tailwind/demo/assets/images/profile/2.jpg]
[yashadmin.dexignzone.com/tailwind/demo/assets/images/profile/3.jpg]
[yashadmin.dexignzone.com/tailwind/demo/assets/images/profile/4.jpg]
[yashadmin.dexignzone.com/tailwind/demo/assets/images/profile/5.jpg]
[yashadmin.dexignzone.com/tailwind/demo/assets/images/profile/6.jpg]
[yashadmin.dexignzone.com/tailwind/demo/assets/images/profile/7.jpg]
[yashadmin.dexignzone.com/tailwind/demo/assets/images/profile/8.jpg]
[yashadmin.dexignzone.com/tailwind/demo/assets/images/profile/9.jpg]
[yashadmin.dexignzone.com/tailwind/demo/app-profile-1.html]
[yashadmin.dexignzone.com/tailwind/demo/assets/images/contacts/pic3.jpg]
[yashadmin.dexignzone.com/tailwind/demo/assets/images/user1.jpg]
[yashadmin.dexignzone.com/tailwind/demo/my-project.html]
[yashadmin.dexignzone.com/tailwind/demo/assets/images/contacts/d1.jpg]
[yashadmin.dexignzone.com/tailwind/demo/assets/images/contacts/d4.jpg]
[yashadmin.dexignzone.com/tailwind/demo/assets/images/contacts/d2.jpg]
[yashadmin.dexignzone.com/tailwind/demo/assets/images/chat/1.png]
[yashadmin.dexignzone.com/tailwind/demo/assets/images/chat/3.png]
[yashadmin.dexignzone.com/tailwind/demo/assets/images/chat/2.png]
[yashadmin.dexignzone.com/tailwind/demo/assets/images/chat/5.png]
[yashadmin.dexignzone.com/tailwind/demo/assets/images/chat/4.png]
[yashadmin.dexignzone.com/tailwind/demo/assets/images/chat/google-docs1.png]
[yashadmin.dexignzone.com/tailwind/demo/assets/images/chat/play-button1.png]
[yashadmin.dexignzone.com/tailwind/demo/assets/images/chat/music-notes1.png]
[yashadmin.dexignzone.com/tailwind/demo/assets/images/chat/pdf.png]
[yashadmin.dexignzone.com/tailwind/demo/chat.html]
[yashadmin.dexignzone.com/tailwind/demo/notifications.html]
[yashadmin.dexignzone.com/tailwind/demo/assets/images/bg.png]
[yashadmin.dexignzone.com/tailwind/demo/assets/images/logo/logo-full.png]
[yashadmin.dexignzone.com/tailwind/demo/page-forgot-password.html]
[yashadmin.dexignzone.com/tailwind/demo/page-login.html]
[yashadmin.dexignzone.com/tailwind/demo/index-2.html]
[yashadmin.dexignzone.com/tailwind/demo/assets/images/uidesgn.png]
[yashadmin.dexignzone.com/tailwind/demo/assets/images/items.png]
[yashadmin.dexignzone.com/tailwind/demo/assets/images/windows.jpg]
[yashadmin.dexignzone.com/tailwind/demo/assets/images/budgeting.png]
[yashadmin.dexignzone.com/tailwind/demo/assets/images/os/p1.jpg]
[yashadmin.dexignzone.com/tailwind/demo/assets/images/os/p2.jpg]
[yashadmin.dexignzone.com/tailwind/demo/assets/images/os/p3.jpg]
[yashadmin.dexignzone.com/tailwind/demo/assets/images/os/p5.jpg]
[yashadmin.dexignzone.com/tailwind/demo/index-3.html]
[yashadmin.dexignzone.com/tailwind/demo/index-4.html]
[yashadmin.dexignzone.com/tailwind/demo/assets/images/crm/dribble.png]
[yashadmin.dexignzone.com/tailwind/demo/assets/images/crm/facebook.png]
[yashadmin.dexignzone.com/tailwind/demo/assets/images/crm/instagram.png]
[yashadmin.dexignzone.com/tailwind/demo/assets/images/crm/linkedin.png]
[yashadmin.dexignzone.com/tailwind/demo/assets/images/crm/bing.png]
[yashadmin.dexignzone.com/tailwind/demo/assets/images/crm/twitter.png]
[yashadmin.dexignzone.com/tailwind/demo/assets/images/crm/whatsapp.png]
[yashadmin.dexignzone.com/tailwind/demo/assets/images/crm/pie-chart.png]
[yashadmin.dexignzone.com/tailwind/demo/index-5.html]
[yashadmin.dexignzone.com/tailwind/demo/assets/images/crm/party-popper.png]
[yashadmin.dexignzone.com/tailwind/demo/assets/images/crm/Object.png]
[yashadmin.dexignzone.com/tailwind/demo/assets/images/crm/pinterest.png]
[cdnjs.cloudflare.com/ajax/libs/moment.js/2.29.4/moment.min.js]
[yashadmin.dexignzone.com/tailwind/demo/crm.html]
[yashadmin.dexignzone.com/tailwind/demo/assets/images/analytics/developer_male.png]
[yashadmin.dexignzone.com/tailwind/demo/assets/images/analytics/sales.png]
[yashadmin.dexignzone.com/tailwind/demo/assets/images/analytics/shopping.png]
[yashadmin.dexignzone.com/tailwind/demo/assets/images/country/india.png]
[yashadmin.dexignzone.com/tailwind/demo/assets/images/country/canada.png]
[yashadmin.dexignzone.com/tailwind/demo/assets/images/country/china.png]
[yashadmin.dexignzone.com/tailwind/demo/assets/images/country/united-kingdom.png]
[yashadmin.dexignzone.com/tailwind/demo/assets/images/country/usa.png]
[yashadmin.dexignzone.com/tailwind/demo/analytics.html]
[yashadmin.dexignzone.com/tailwind/demo/assets/images/contacts/d14.jpg]
[yashadmin.dexignzone.com/tailwind/demo/assets/images/contacts/d10.jpg]
[yashadmin.dexignzone.com/tailwind/demo/assets/images/contacts/d11.jpg]
[yashadmin.dexignzone.com/tailwind/demo/assets/images/contacts/d12.jpg]
[yashadmin.dexignzone.com/tailwind/demo/products.html]
[yashadmin.dexignzone.com/tailwind/demo/sales.html]
[yashadmin.dexignzone.com/tailwind/demo/assets/images/books.png]
[yashadmin.dexignzone.com/tailwind/demo/assets/images/news.png]
[yashadmin.dexignzone.com/tailwind/demo/assets/images/heart.png]
[yashadmin.dexignzone.com/tailwind/demo/assets/images/file.png]
[yashadmin.dexignzone.com/tailwind/demo/assets/images/blog/professional.jpg]
[yashadmin.dexignzone.com/tailwind/demo/assets/images/profile/friends/f1.jpg]
[yashadmin.dexignzone.com/tailwind/demo/assets/images/profile/friends/f2.jpg]
[yashadmin.dexignzone.com/tailwind/demo/assets/images/profile/friends/f3.jpg]
[yashadmin.dexignzone.com/tailwind/demo/assets/images/profile/friends/f4.jpg]
[yashadmin.dexignzone.com/tailwind/demo/assets/images/blog/professional2.jpg]
[yashadmin.dexignzone.com/tailwind/demo/assets/images/blog/s1.jpg]
[yashadmin.dexignzone.com/tailwind/demo/assets/images/blog/s2.jpg]
[yashadmin.dexignzone.com/tailwind/demo/assets/images/blog/s3.jpg]
[yashadmin.dexignzone.com/tailwind/demo/assets/images/blog/s4.jpg]
[yashadmin.dexignzone.com/tailwind/demo/assets/images/blog/s5.jpg]
[yashadmin.dexignzone.com/tailwind/demo/assets/images/blog/s6.jpg]
[yashadmin.dexignzone.com/tailwind/demo/blog.html]
[yashadmin.dexignzone.com/tailwind/demo/task.html]
[yashadmin.dexignzone.com/tailwind/demo/project.html]
[yashadmin.dexignzone.com/tailwind/demo/user.html]
[yashadmin.dexignzone.com/tailwind/demo/add-user.html]
[yashadmin.dexignzone.com/tailwind/demo/assets/images/post/post1.jpg]
[yashadmin.dexignzone.com/tailwind/demo/assets/images/post/post11.jpg]
[yashadmin.dexignzone.com/tailwind/demo/assets/images/post/post12.jpg]
[yashadmin.dexignzone.com/tailwind/demo/assets/images/post/post2.jpg]
[yashadmin.dexignzone.com/tailwind/demo/assets/images/post/post13.jpg]
[yashadmin.dexignzone.com/tailwind/demo/app-profile-2.html]
[yashadmin.dexignzone.com/tailwind/demo/edit-profile.html]
[yashadmin.dexignzone.com/tailwind/demo/post-details.html]
[yashadmin.dexignzone.com/tailwind/demo/email-compose.html]
[yashadmin.dexignzone.com/tailwind/demo/email-inbox.html]
[yashadmin.dexignzone.com/tailwind/demo/email-read.html]
[yashadmin.dexignzone.com/tailwind/demo/app-calender.html]
[yashadmin.dexignzone.com/tailwind/demo/assets/images/product/1.jpg]
[yashadmin.dexignzone.com/tailwind/demo/assets/images/product/2.jpg]
[yashadmin.dexignzone.com/tailwind/demo/assets/images/product/3.jpg]
[yashadmin.dexignzone.com/tailwind/demo/assets/images/product/4.jpg]
[yashadmin.dexignzone.com/tailwind/demo/assets/images/product/5.jpg]
[yashadmin.dexignzone.com/tailwind/demo/assets/images/product/6.jpg]
[yashadmin.dexignzone.com/tailwind/demo/assets/images/product/7.jpg]
[yashadmin.dexignzone.com/tailwind/demo/ecom-product-grid.html]
[yashadmin.dexignzone.com/tailwind/demo/ecom-product-list.html]
[yashadmin.dexignzone.com/tailwind/demo/assets/images/tab/1.jpg]
[yashadmin.dexignzone.com/tailwind/demo/assets/images/tab/2.jpg]
[yashadmin.dexignzone.com/tailwind/demo/assets/images/tab/3.jpg]
[yashadmin.dexignzone.com/tailwind/demo/assets/images/tab/4.jpg]
[yashadmin.dexignzone.com/tailwind/demo/ecom-product-detail.html]
[yashadmin.dexignzone.com/tailwind/demo/ecom-product-order.html]
[yashadmin.dexignzone.com/tailwind/demo/ecom-checkout.html]
[yashadmin.dexignzone.com/tailwind/demo/assets/images/qr.png]
[yashadmin.dexignzone.com/tailwind/demo/ecom-invoice.html]
[yashadmin.dexignzone.com/tailwind/demo/assets/images/avatar/5.png]
[yashadmin.dexignzone.com/tailwind/demo/assets/images/avatar/1.png]
[yashadmin.dexignzone.com/tailwind/demo/ecom-customers.html]
[yashadmin.dexignzone.com/tailwind/demo/content.html]
[yashadmin.dexignzone.com/tailwind/demo/assets/images/no-img-avatar.png]
[yashadmin.dexignzone.com/tailwind/demo/content-add.html]
[yashadmin.dexignzone.com/tailwind/demo/menu.html]
[yashadmin.dexignzone.com/tailwind/demo/email-template.html]
[yashadmin.dexignzone.com/tailwind/demo/add-email.html]
[yashadmin.dexignzone.com/tailwind/demo/cms-blog.html]
[yashadmin.dexignzone.com/tailwind/demo/add-blog.html]
[yashadmin.dexignzone.com/tailwind/demo/blog-category.html]
[yashadmin.dexignzone.com/tailwind/demo/chart-flot.html]
[yashadmin.dexignzone.com/tailwind/demo/chart-morris.html]
[yashadmin.dexignzone.com/tailwind/demo/chart-chartjs.html]
[yashadmin.dexignzone.com/tailwind/demo/chart-chartist.html]
[yashadmin.dexignzone.com/tailwind/demo/chart-sparkline.html]
[yashadmin.dexignzone.com/tailwind/demo/chart-peity.html]
[yashadmin.dexignzone.com/tailwind/demo/ui-accordion.html]
[yashadmin.dexignzone.com/tailwind/demo/ui-alert.html]
[yashadmin.dexignzone.com/tailwind/demo/ui-badge.html]
[yashadmin.dexignzone.com/tailwind/demo/ui-button.html]
[yashadmin.dexignzone.com/tailwind/demo/ui-modal.html]
[yashadmin.dexignzone.com/tailwind/demo/ui-offcanvas.html]
[yashadmin.dexignzone.com/tailwind/demo/ui-button-group.html]
[yashadmin.dexignzone.com/tailwind/demo/ui-list-group.html]
[yashadmin.dexignzone.com/tailwind/demo/assets/images/card/1.png]
[yashadmin.dexignzone.com/tailwind/demo/assets/images/card/2.png]
[yashadmin.dexignzone.com/tailwind/demo/assets/images/card/3.png]
[yashadmin.dexignzone.com/tailwind/demo/ui-card.html]
[yashadmin.dexignzone.com/tailwind/demo/assets/images/big/img1.jpg]
[yashadmin.dexignzone.com/tailwind/demo/assets/images/big/img2.jpg]
[yashadmin.dexignzone.com/tailwind/demo/assets/images/big/img3.jpg]
[yashadmin.dexignzone.com/tailwind/demo/assets/images/big/img4.jpg]
[yashadmin.dexignzone.com/tailwind/demo/assets/images/big/img5.jpg]
[yashadmin.dexignzone.com/tailwind/demo/assets/images/big/img6.jpg]
[yashadmin.dexignzone.com/tailwind/demo/assets/images/big/img7.jpg]
[yashadmin.dexignzone.com/tailwind/demo/ui-carousel.html]
[yashadmin.dexignzone.com/tailwind/demo/ui-dropdown.html]
[yashadmin.dexignzone.com/tailwind/demo/ui-popover.html]
[yashadmin.dexignzone.com/tailwind/demo/ui-progressbar.html]
[yashadmin.dexignzone.com/tailwind/demo/ui-tab.html]
[yashadmin.dexignzone.com/tailwind/demo/ui-typography.html]
[yashadmin.dexignzone.com/tailwind/demo/ui-pagination.html]
[yashadmin.dexignzone.com/tailwind/demo/ui-grid.html]
[yashadmin.dexignzone.com/tailwind/demo/uc-nestable.html]
[cdn.jsdelivr.net/npm/swiper@11/swiper-element-bundle.min.js]
[yashadmin.dexignzone.com/tailwind/demo/uc-noui-slider.html]
[yashadmin.dexignzone.com/tailwind/demo/uc-sweetalert.html]
[yashadmin.dexignzone.com/tailwind/demo/uc-toastr.html]
[yashadmin.dexignzone.com/tailwind/demo/map-jqvmap.html]
[yashadmin.dexignzone.com/tailwind/demo/assets/images/big/img8.jpg]
[yashadmin.dexignzone.com/tailwind/demo/uc-lightgallery.html]
[yashadmin.dexignzone.com/tailwind/demo/widget-basic.html]
[yashadmin.dexignzone.com/tailwind/demo/form-element.html]
[yashadmin.dexignzone.com/tailwind/demo/form-wizard.html]
[yashadmin.dexignzone.com/tailwind/demo/form-ckeditor.html]
[yashadmin.dexignzone.com/tailwind/demo/form-pickers.html]
[yashadmin.dexignzone.com/tailwind/demo/form-validation.html]
[yashadmin.dexignzone.com/tailwind/demo/table.html]
[yashadmin.dexignzone.com/tailwind/demo/assets/images/profile/small/pic1.jpg]
[yashadmin.dexignzone.com/tailwind/demo/assets/images/profile/small/pic2.jpg]
[yashadmin.dexignzone.com/tailwind/demo/assets/images/profile/small/pic3.jpg]
[yashadmin.dexignzone.com/tailwind/demo/assets/images/profile/small/pic4.jpg]
[yashadmin.dexignzone.com/tailwind/demo/assets/images/profile/small/pic5.jpg]
[yashadmin.dexignzone.com/tailwind/demo/assets/images/profile/small/pic6.jpg]
[yashadmin.dexignzone.com/tailwind/demo/assets/images/profile/small/pic7.jpg]
[yashadmin.dexignzone.com/tailwind/demo/assets/images/profile/small/pic8.jpg]
[yashadmin.dexignzone.com/tailwind/demo/assets/images/profile/small/pic9.jpg]
[yashadmin.dexignzone.com/tailwind/demo/assets/images/profile/small/pic10.jpg]
[yashadmin.dexignzone.com/tailwind/demo/table-datatable-basic.html]
[yashadmin.dexignzone.com/tailwind/demo/page-register.html]
[yashadmin.dexignzone.com/tailwind/demo/page-error-400.html]
[yashadmin.dexignzone.com/tailwind/demo/page-error-403.html]
[yashadmin.dexignzone.com/tailwind/demo/page-error-404.html]
[yashadmin.dexignzone.com/tailwind/demo/page-error-500.html]
[yashadmin.dexignzone.com/tailwind/demo/page-error-503.html]
[yashadmin.dexignzone.com/tailwind/demo/page-lock-screen.html]
[yashadmin.dexignzone.com/tailwind/demo/empty-page.html]
[yashadmin.dexignzone.com/tailwind/demo/assets/vendor/global/global.min.js]
[yashadmin.dexignzone.com/tailwind/demo/assets/vendor/chart.js/chart.bundle.min.js]
[yashadmin.dexignzone.com/tailwind/demo/assets/vendor/select2/js/select2.full.min.js]
[yashadmin.dexignzone.com/tailwind/demo/assets/js/plugins-init/select2-init.js]
[yashadmin.dexignzone.com/tailwind/demo/assets/vendor/niceselect/js/jquery.nice-select.min.js]
[yashadmin.dexignzone.com/tailwind/demo/assets/js/custom.min.js]
[yashadmin.dexignzone.com/tailwind/demo/assets/js/deznav-init.js]
[yashadmin.dexignzone.com/tailwind/demo/assets/js/demo.js]
[yashadmin.dexignzone.com/tailwind/demo/assets/js/styleSwitcher.js]
[yashadmin.dexignzone.com/tailwind/demo/assets/icons/line-awesome/fonts/la-brands-400.svg]
[yashadmin.dexignzone.com/tailwind/demo/assets/icons/line-awesome/fonts/la-regular-400.svg]
[yashadmin.dexignzone.com/tailwind/demo/assets/icons/line-awesome/fonts/la-solid-900.svg]
[yashadmin.dexignzone.com/tailwind/demo/assets/vendor/powerful-calendar/style.css]
[yashadmin.dexignzone.com/tailwind/demo/assets/vendor/powerful-calendar/theme.css]
[yashadmin.dexignzone.com/tailwind/demo/assets/vendor/datatables/images/sort_both.png]
[yashadmin.dexignzone.com/tailwind/demo/assets/vendor/datatables/images/sort_asc.png]
[yashadmin.dexignzone.com/tailwind/demo/assets/vendor/datatables/images/sort_desc.png]
[yashadmin.dexignzone.com/tailwind/demo/assets/vendor/datatables/images/sort_asc_disabled.png]
[yashadmin.dexignzone.com/tailwind/demo/assets/vendor/datatables/images/sort_desc_disabled.png]
[yashadmin.dexignzone.com/tailwind/demo/assets/vendor/datatables/css/jquery.dataTables.min.css]
[yashadmin.dexignzone.com/tailwind/demo/assets/vendor/swiper/css/swiper-bundle.min.css]
[yashadmin.dexignzone.com/tailwind/demo/assets/vendor/apexchart/apexchart.js]
[yashadmin.dexignzone.com/tailwind/demo/assets/js/dashboard/dashboard-1.js]
[yashadmin.dexignzone.com/tailwind/demo/assets/vendor/draggable/draggable.js]
[yashadmin.dexignzone.com/tailwind/demo/assets/vendor/swiper/js/swiper-bundle.min.js]
[yashadmin.dexignzone.com/tailwind/demo/assets/vendor/datatables/js/jquery.dataTables.min.js]
[yashadmin.dexignzone.com/tailwind/demo/assets/vendor/datatables/js/dataTables.buttons.min.js]
[yashadmin.dexignzone.com/tailwind/demo/assets/vendor/datatables/js/buttons.html5.min.js]
[yashadmin.dexignzone.com/tailwind/demo/assets/vendor/datatables/js/jszip.min.js]
[yashadmin.dexignzone.com/tailwind/demo/assets/js/plugins-init/datatables.init.js]
[yashadmin.dexignzone.com/tailwind/demo/assets/vendor/powerful-calendar/calendar.min.js]
[yashadmin.dexignzone.com/tailwind/demo/assets/vendor/tagify/dist/tagify.css]
[yashadmin.dexignzone.com/tailwind/demo/assets/vendor/lightgallery/dist/fonts/lgb687.woff2]
[yashadmin.dexignzone.com/tailwind/demo/assets/vendor/lightgallery/dist/fonts/lgb687.ttf]
[yashadmin.dexignzone.com/tailwind/demo/assets/vendor/lightgallery/dist/fonts/lgb687.woff]
[yashadmin.dexignzone.com/tailwind/demo/assets/vendor/lightgallery/dist/images/loading.gif]
[yashadmin.dexignzone.com/tailwind/demo/assets/vendor/lightgallery/dist/css/lightgallery.css]
[yashadmin.dexignzone.com/tailwind/demo/assets/vendor/lightgallery/dist/css/lg-thumbnail.css]
[yashadmin.dexignzone.com/tailwind/demo/assets/vendor/lightgallery/dist/css/lg-zoom.css]
[yashadmin.dexignzone.com/tailwind/demo/assets/vendor/lightgallery/dist/lightgallery.min.js]
[yashadmin.dexignzone.com/tailwind/demo/assets/vendor/lightgallery/dist/plugins/thumbnail/lg-thumbnail.min.js]
[yashadmin.dexignzone.com/tailwind/demo/assets/vendor/lightgallery/dist/plugins/zoom/lg-zoom.min.js]
[yashadmin.dexignzone.com/tailwind/demo/assets/vendor/tagify/dist/tagify.js]
[yashadmin.dexignzone.com/tailwind/demo/assets/vendor/dropzone/dist/dropzone.css]
[yashadmin.dexignzone.com/tailwind/demo/assets/vendor/dropzone/dist/dropzone.js]
[yashadmin.dexignzone.com/tailwind/demo/assets/icons/themify-icons/fonts/themify9f249f24.eot]
[yashadmin.dexignzone.com/tailwind/demo/assets/icons/themify-icons/fonts/themifyd41dd41d.eot]
[yashadmin.dexignzone.com/tailwind/demo/assets/icons/themify-icons/fonts/themify.woff]
[yashadmin.dexignzone.com/tailwind/demo/assets/icons/themify-icons/fonts/themify.ttf]
[yashadmin.dexignzone.com/tailwind/demo/assets/icons/themify-icons/css/themify-icons.css]
[yashadmin.dexignzone.com/tailwind/demo/page-forgot-password.html]
[yashadmin.dexignzone.com/tailwind/demo/assets/vendor/flatpickr-master/css/flatpicker.css]
[yashadmin.dexignzone.com/tailwind/demo/assets/js/dashboard/dashboard-2.js]
[yashadmin.dexignzone.com/tailwind/demo/assets/vendor/peity/jquery.peity.min.js]
[yashadmin.dexignzone.com/tailwind/demo/assets/vendor/flatpickr-master/js/flatpickr.js]
[yashadmin.dexignzone.com/tailwind/demo/assets/js/custom.js]
[yashadmin.dexignzone.com/tailwind/demo/assets/js/dashboard/dashboard-3.js]
[yashadmin.dexignzone.com/tailwind/demo/assets/js/dashboard/dashboard-4.js]
[yashadmin.dexignzone.com/tailwind/demo/assets/icons/material-design-iconic-font/fonts/materialdesignicons-webfont683c.eot]
[yashadmin.dexignzone.com/tailwind/demo/assets/icons/material-design-iconic-font/fonts/materialdesignicons-webfontd41d.eot]
[yashadmin.dexignzone.com/tailwind/demo/assets/icons/material-design-iconic-font/fonts/materialdesignicons-webfont683c.woff2]
[yashadmin.dexignzone.com/tailwind/demo/assets/icons/material-design-iconic-font/fonts/materialdesignicons-webfont683c.woff]
[yashadmin.dexignzone.com/tailwind/demo/assets/icons/material-design-iconic-font/fonts/materialdesignicons-webfont683c.ttf]
[yashadmin.dexignzone.com/tailwind/demo/assets/icons/material-design-iconic-font/css/materialdesignicons.min.css]
[yashadmin.dexignzone.com/tailwind/demo/assets/js/dashboard/crm.js]
[yashadmin.dexignzone.com/tailwind/demo/assets/js/dashboard/analytics.js]
[yashadmin.dexignzone.com/tailwind/demo/assets/js/dashboard/sales.js]
[yashadmin.dexignzone.com/tailwind/demo/assets/vendor/fullcalendar/css/main.min.css]
[yashadmin.dexignzone.com/tailwind/demo/assets/vendor/moment/moment.min.js]
[yashadmin.dexignzone.com/tailwind/demo/assets/vendor/fullcalendar/js/main.min.js]
[yashadmin.dexignzone.com/tailwind/demo/assets/js/plugins-init/fullcalendar-init.js]
[yashadmin.dexignzone.com/tailwind/demo/assets/vendor/star-rating/star-rating-svg.css]
[yashadmin.dexignzone.com/tailwind/demo/assets/vendor/star-rating/jquery.star-rating-svg.js]
[yashadmin.dexignzone.com/tailwind/demo/assets/vendor/highlightjs/highlight.pack.min.js]
[yashadmin.dexignzone.com/tailwind/demo/assets/js/dashboard/cms.js]
[yashadmin.dexignzone.com/tailwind/demo/assets/vendor/ckeditor/ckeditor.js]
[yashadmin.dexignzone.com/tailwind/demo/assets/vendor/nestable2/css/jquery.nestable.min.css]
[yashadmin.dexignzone.com/tailwind/demo/assets/vendor/nestable2/js/jquery.nestable.min.js]
[yashadmin.dexignzone.com/tailwind/demo/assets/js/plugins-init/nestable-init.js]
[yashadmin.dexignzone.com/tailwind/demo/assets/vendor/flot/jquery.flot.js]
[yashadmin.dexignzone.com/tailwind/demo/assets/vendor/flot/jquery.flot.pie.js]
[yashadmin.dexignzone.com/tailwind/demo/assets/vendor/flot/jquery.flot.resize.js]
[yashadmin.dexignzone.com/tailwind/demo/assets/vendor/flot-spline/jquery.flot.spline.min.js]
[yashadmin.dexignzone.com/tailwind/demo/assets/js/plugins-init/flot-init.js]
[yashadmin.dexignzone.com/tailwind/demo/assets/vendor/raphael/raphael.min.js]
[yashadmin.dexignzone.com/tailwind/demo/assets/vendor/morris/morris.min.js]
[yashadmin.dexignzone.com/tailwind/demo/assets/js/plugins-init/morris-init.js]
[yashadmin.dexignzone.com/tailwind/demo/assets/js/plugins-init/chartjs-init.js]
[yashadmin.dexignzone.com/tailwind/demo/assets/vendor/chartist/css/chartist.min.css]
[yashadmin.dexignzone.com/tailwind/demo/assets/vendor/chartist/js/chartist.min.js]
[yashadmin.dexignzone.com/tailwind/demo/assets/vendor/chartist-plugin-tooltips/js/chartist-plugin-tooltip.min.js]
[yashadmin.dexignzone.com/tailwind/demo/assets/js/plugins-init/chartist-init.js]
[yashadmin.dexignzone.com/tailwind/demo/assets/vendor/jquery-sparkline/jquery.sparkline.min.js]
[yashadmin.dexignzone.com/tailwind/demo/assets/js/plugins-init/sparkline-init.js]
[yashadmin.dexignzone.com/tailwind/demo/assets/vendor/svganimation/vivus.min.js]
[yashadmin.dexignzone.com/tailwind/demo/assets/vendor/svganimation/svg.animation.js]
[yashadmin.dexignzone.com/tailwind/demo/assets/js/plugins-init/piety-init.js]
[yashadmin.dexignzone.com/tailwind/demo/assets/js/highlight.min.js]
[yashadmin.dexignzone.com/tailwind/demo/assets/vendor/swiper/swiper-bundle.min.css]
[yashadmin.dexignzone.com/tailwind/demo/assets/js/jquery.min.js]
[yashadmin.dexignzone.com/tailwind/demo/assets/vendor/swiper/swiper-bundle.min.js]
[yashadmin.dexignzone.com/tailwind/demo/assets/vendor/nouislider/nouislider.min.css]
[yashadmin.dexignzone.com/tailwind/demo/assets/vendor/nouislider/nouislider.min.js]
[yashadmin.dexignzone.com/tailwind/demo/assets/vendor/wnumb/wNumb.js]
[yashadmin.dexignzone.com/tailwind/demo/assets/js/plugins-init/nouislider-init.js]
[yashadmin.dexignzone.com/tailwind/demo/assets/vendor/sweetalert2/dist/sweetalert2.min.css]
[yashadmin.dexignzone.com/tailwind/demo/assets/vendor/sweetalert2/dist/sweetalert2.min.js]
[yashadmin.dexignzone.com/tailwind/demo/assets/js/plugins-init/sweetalert.init.js]
[yashadmin.dexignzone.com/tailwind/demo/assets/vendor/toastr/css/toastr.min.css]
[yashadmin.dexignzone.com/tailwind/demo/assets/vendor/toastr/js/toastr.min.js]
[yashadmin.dexignzone.com/tailwind/demo/assets/js/plugins-init/toastr-init.js]
[yashadmin.dexignzone.com/tailwind/demo/assets/vendor/jqvmap/css/jqvmap.min.css]
[yashadmin.dexignzone.com/tailwind/demo/assets/vendor/jqvmap/js/jquery.vmap.min.js]
[yashadmin.dexignzone.com/tailwind/demo/assets/vendor/jqvmap/js/jquery.vmap.world.js]
[yashadmin.dexignzone.com/tailwind/demo/assets/vendor/jqvmap/js/jquery.vmap.usa.js]
[yashadmin.dexignzone.com/tailwind/demo/assets/js/plugins-init/jqvmap-init.js]
[yashadmin.dexignzone.com/tailwind/demo/assets/js/plugins-init/widgets-script-init.js]
[yashadmin.dexignzone.com/tailwind/demo/assets/vendor/jquery-smartwizard/dist/css/smart_wizard.min.css]
[yashadmin.dexignzone.com/tailwind/demo/assets/vendor/jquery-steps/build/jquery.steps.min.js]
[yashadmin.dexignzone.com/tailwind/demo/assets/vendor/jquery-validation/jquery.validate.min.js]
[yashadmin.dexignzone.com/tailwind/demo/assets/js/plugins-init/jquery.validate-init.js]
[yashadmin.dexignzone.com/tailwind/demo/assets/vendor/jquery-smartwizard/dist/js/jquery.smartWizard.js]
[yashadmin.dexignzone.com/tailwind/demo/assets/vendor/jquery-asColorPicker/images/transparent.png]
[yashadmin.dexignzone.com/tailwind/demo/assets/vendor/jquery-asColorPicker/images/saturation.png]
[yashadmin.dexignzone.com/tailwind/demo/assets/vendor/jquery-asColorPicker/images/hue.png]
[yashadmin.dexignzone.com/tailwind/demo/assets/vendor/jquery-asColorPicker/images/alpha.png]
[yashadmin.dexignzone.com/tailwind/demo/assets/vendor/jquery-asColorPicker/css/asColorPicker.min.css]
[yashadmin.dexignzone.com/tailwind/demo/assets/vendor/daterangepicker/daterangepicker.css]
[yashadmin.dexignzone.com/tailwind/demo/assets/vendor/pickadate/themes/default.css]
[yashadmin.dexignzone.com/tailwind/demo/assets/vendor/pickadate/themes/default.date.css]
[yashadmin.dexignzone.com/tailwind/demo/assets/vendor/daterangepicker/daterangepicker.js]
[yashadmin.dexignzone.com/tailwind/demo/assets/vendor/jquery-asColor/jquery-asColor.min.js]
[yashadmin.dexignzone.com/tailwind/demo/assets/vendor/jquery-asGradient/jquery-asGradient.min.js]
[yashadmin.dexignzone.com/tailwind/demo/assets/vendor/jquery-asColorPicker/js/jquery-asColorPicker.min.js]
[yashadmin.dexignzone.com/tailwind/demo/assets/vendor/pickadate/picker.js]
[yashadmin.dexignzone.com/tailwind/demo/assets/vendor/pickadate/picker.time.js]
[yashadmin.dexignzone.com/tailwind/demo/assets/vendor/pickadate/picker.date.js]
[yashadmin.dexignzone.com/tailwind/demo/assets/js/plugins-init/bs-daterange-picker-init.js]
[yashadmin.dexignzone.com/tailwind/demo/assets/js/plugins-init/jquery-asColorPicker.init.js]
[yashadmin.dexignzone.com/tailwind/demo/assets/js/plugins-init/pickadate-init.js]
[yashadmin.dexignzone.com/tailwind/demo/sidebar-img/index.html]
[yashadmin.dexignzone.com/tailwind/demo/Trident/index.html]
[yashadmin.dexignzone.com/tailwind/demo/Edge/index.html]
[yashadmin.dexignzone.com/tailwind/demo/assets/vendor/lightgallery/dist/fonts/lgb687.svg]
[yashadmin.dexignzone.com/tailwind/demo/@yaireo/tagify/index.html]
[yashadmin.dexignzone.com/tailwind/demo/assets/icons/themify-icons/fonts/themify9f249f24.svg]
[yashadmin.dexignzone.com/tailwind/demo/assets/icons/material-design-iconic-font/fonts/materialdesignicons-webfont683c.svg]
[yashadmin.dexignzone.com/tailwind/demo/applewebkit/index.html]
[yashadmin.dexignzone.com/tailwind/demo/chrome/index.html]
[yashadmin.dexignzone.com/tailwind/demo/edge/index-2.html]
[yashadmin.dexignzone.com/tailwind/demo/OPR/index.html]
[yashadmin.dexignzone.com/tailwind/demo/Version/index.html]
